This file contains any messages produced by compilers while
running configure, to aid debugging if configure makes a mistake.

It was created by TempestRemap configure 2.2.0, which was
generated by GNU Autoconf 2.71.  Invocation command line was

  $ ./configure --disable-netcdf

## --------- ##
## Platform. ##
## --------- ##

hostname = runnervmlun5p
uname -m = x86_64
uname -r = 6.17.0-1022-azure
uname -s = Linux
uname -v = #22-Ubuntu SMP Mon Jul 27 17:24:03 UTC 2026

/usr/bin/uname -p = x86_64
/bin/uname -X     = unknown

/bin/arch              = x86_64
/usr/bin/arch -k       = unknown
/usr/convex/getsysinfo = unknown
/usr/bin/hostinfo      = unknown
/bin/machine           = unknown
/usr/bin/oslevel       = unknown
/bin/universe          = unknown

PATH: /snap/bin/
PATH: /home/runner/.local/bin/
PATH: /opt/pipx_bin/
PATH: /home/runner/.cargo/bin/
PATH: /home/runner/.config/composer/vendor/bin/
PATH: /usr/local/.ghcup/bin/
PATH: /home/runner/.dotnet/tools/
PATH: /usr/local/sbin/
PATH: /usr/local/bin/
PATH: /usr/sbin/
PATH: /usr/bin/
PATH: /sbin/
PATH: /bin/
PATH: /usr/games/
PATH: /usr/local/games/
PATH: /snap/bin/


## ----------- ##
## Core tests. ##
## ----------- ##

configure:3080: looking for aux files: compile config.guess config.sub ltmain.sh missing install-sh
configure:3093:  trying ./config/
configure:3122:   ./config/compile found
configure:3122:   ./config/config.guess found
configure:3122:   ./config/config.sub found
configure:3122:   ./config/ltmain.sh found
configure:3122:   ./config/missing found
configure:3104:   ./config/install-sh found
configure:3257: checking for a BSD-compatible install
configure:3330: result: /usr/bin/install -c
configure:3341: checking whether build environment is sane
configure:3396: result: yes
configure:3555: checking for a race-free mkdir -p
configure:3599: result: /usr/bin/mkdir -p
configure:3606: checking for gawk
configure:3627: found /usr/bin/gawk
configure:3638: result: gawk
configure:3649: checking whether make sets $(MAKE)
configure:3672: result: yes
configure:3702: checking whether make supports nested variables
configure:3720: result: yes
configure:3868: checking whether make supports nested variables
configure:3886: result: yes
configure:3930: checking build system type
configure:3945: result: x86_64-pc-linux-gnu
configure:3965: checking host system type
configure:3979: result: x86_64-pc-linux-gnu
configure:4020: checking how to print strings
configure:4047: result: printf
configure:4081: checking whether make supports the include directive
configure:4096: make -f confmf.GNU && cat confinc.out
this is the am__doit target
configure:4099: $? = 0
configure:4118: result: yes (GNU style)
configure:4194: checking for gcc
configure:4215: found /usr/bin/gcc
configure:4226: result: gcc
configure:4579: checking for C compiler version
configure:4588: gcc --version >&5
gcc (Ubuntu 13.3.0-6ubuntu2~24.04.1) 13.3.0
Copyright (C) 2023 Free Software Foundation, Inc.
This is free software; see the source for copying conditions.  There is NO
warranty; not even for MERCHANTABILITY or FITNESS FOR A PARTICULAR PURPOSE.

configure:4599: $? = 0
configure:4588: gcc -v >&5
Using built-in specs.
COLLECT_GCC=gcc
COLLECT_LTO_WRAPPER=/usr/libexec/gcc/x86_64-linux-gnu/13/lto-wrapper
OFFLOAD_TARGET_NAMES=nvptx-none:amdgcn-amdhsa
OFFLOAD_TARGET_DEFAULT=1
Target: x86_64-linux-gnu
Configured with: ../src/configure -v --with-pkgversion='Ubuntu 13.3.0-6ubuntu2~24.04.1' --with-bugurl=file:///usr/share/doc/gcc-13/README.Bugs --enable-languages=c,ada,c++,go,d,fortran,objc,obj-c++,m2 --prefix=/usr --with-gcc-major-version-only --program-suffix=-13 --program-prefix=x86_64-linux-gnu- --enable-shared --enable-linker-build-id --libexecdir=/usr/libexec --without-included-gettext --enable-threads=posix --libdir=/usr/lib --enable-nls --enable-bootstrap --enable-clocale=gnu --enable-libstdcxx-debug --enable-libstdcxx-time=yes --with-default-libstdcxx-abi=new --enable-libstdcxx-backtrace --enable-gnu-unique-object --disable-vtable-verify --enable-plugin --enable-default-pie --with-system-zlib --enable-libphobos-checking=release --with-target-system-zlib=auto --enable-objc-gc=auto --enable-multiarch --disable-werror --enable-cet --with-arch-32=i686 --with-abi=m64 --with-multilib-list=m32,m64,mx32 --enable-multilib --with-tune=generic --enable-offload-targets=nvptx-none=/build/gcc-13-EldibY/gcc-13-13.3.0/debian/tmp-nvptx/usr,amdgcn-amdhsa=/build/gcc-13-EldibY/gcc-13-13.3.0/debian/tmp-gcn/usr --enable-offload-defaulted --without-cuda-driver --enable-checking=release --build=x86_64-linux-gnu --host=x86_64-linux-gnu --target=x86_64-linux-gnu --with-build-config=bootstrap-lto-lean --enable-link-serialization=2
Thread model: posix
Supported LTO compression algorithms: zlib zstd
gcc version 13.3.0 (Ubuntu 13.3.0-6ubuntu2~24.04.1) 
... rest of stderr output deleted ...
configure:4599: $? = 0
configure:4588: gcc -V >&5
gcc: error: unrecognized command-line option '-V'
gcc: fatal error: no input files
compilation terminated.
configure:4599: $? = 1
configure:4588: gcc -qversion >&5
gcc: error: unrecognized command-line option '-qversion'; did you mean '--version'?
gcc: fatal error: no input files
compilation terminated.
configure:4599: $? = 1
configure:4588: gcc -version >&5
gcc: error: unrecognized command-line option '-version'
gcc: fatal error: no input files
compilation terminated.
configure:4599: $? = 1
configure:4619: checking whether the C compiler works
configure:4641: gcc    conftest.c  >&5
configure:4645: $? = 0
configure:4695: result: yes
configure:4698: checking for C compiler default output file name
configure:4700: result: a.out
configure:4706: checking for suffix of executables
configure:4713: gcc -o conftest    conftest.c  >&5
configure:4717: $? = 0
configure:4740: result: 
configure:4762: checking whether we are cross compiling
configure:4770: gcc -o conftest    conftest.c  >&5
configure:4774: $? = 0
configure:4781: ./conftest
configure:4785: $? = 0
configure:4800: result: no
configure:4805: checking for suffix of object files
configure:4828: gcc -c   conftest.c >&5
configure:4832: $? = 0
configure:4854: result: o
configure:4858: checking whether the compiler supports GNU C
configure:4878: gcc -c   conftest.c >&5
configure:4878: $? = 0
configure:4888: result: yes
configure:4899: checking whether gcc accepts -g
configure:4920: gcc -c -g  conftest.c >&5
configure:4920: $? = 0
configure:4964: result: yes
configure:4984: checking for gcc option to enable C11 features
configure:4999: gcc  -c -g -O2  conftest.c >&5
configure:4999: $? = 0
configure:5017: result: none needed
configure:5133: checking whether gcc understands -c and -o together
configure:5156: gcc -c conftest.c -o conftest2.o
configure:5159: $? = 0
configure:5156: gcc -c conftest.c -o conftest2.o
configure:5159: $? = 0
configure:5171: result: yes
configure:5190: checking dependency style of gcc
configure:5302: result: gcc3
configure:5317: checking for a sed that does not truncate output
configure:5387: result: /usr/bin/sed
configure:5405: checking for grep that handles long lines and -e
configure:5469: result: /usr/bin/grep
configure:5474: checking for egrep
configure:5542: result: /usr/bin/grep -E
configure:5547: checking for fgrep
configure:5615: result: /usr/bin/grep -F
configure:5651: checking for ld used by gcc
configure:5719: result: /usr/bin/ld
configure:5726: checking if the linker (/usr/bin/ld) is GNU ld
configure:5742: result: yes
configure:5754: checking for BSD- or MS-compatible name lister (nm)
configure:5809: result: /usr/bin/nm -B
configure:5949: checking the name lister (/usr/bin/nm -B) interface
configure:5957: gcc -c -g -O2  conftest.c >&5
configure:5960: /usr/bin/nm -B "conftest.o"
configure:5963: output
0000000000000000 B some_variable
configure:5970: result: BSD nm
configure:5973: checking whether ln -s works
configure:5977: result: yes
configure:5985: checking the maximum length of command line arguments
configure:6117: result: 3145728
configure:6165: checking how to convert x86_64-pc-linux-gnu file names to x86_64-pc-linux-gnu format
configure:6206: result: func_convert_file_noop
configure:6213: checking how to convert x86_64-pc-linux-gnu file names to toolchain format
configure:6234: result: func_convert_file_noop
configure:6241: checking for /usr/bin/ld option to reload object files
configure:6249: result: -r
configure:6328: checking for file
configure:6349: found /usr/bin/file
configure:6360: result: file
configure:6436: checking for objdump
configure:6457: found /usr/bin/objdump
configure:6468: result: objdump
configure:6500: checking how to recognize dependent libraries
configure:6701: result: pass_all
configure:6791: checking for dlltool
configure:6826: result: no
configure:6856: checking how to associate runtime and link libraries
configure:6884: result: printf %s\n
configure:6950: checking for ar
configure:6971: found /usr/bin/ar
configure:6982: result: ar
configure:7035: checking for archiver @FILE support
configure:7053: gcc -c -g -O2  conftest.c >&5
configure:7053: $? = 0
configure:7057: ar cr libconftest.a @conftest.lst >&5
configure:7060: $? = 0
configure:7065: ar cr libconftest.a @conftest.lst >&5
ar: conftest.o: No such file or directory
configure:7068: $? = 1
configure:7080: result: @
configure:7143: checking for strip
configure:7164: found /usr/bin/strip
configure:7175: result: strip
configure:7252: checking for ranlib
configure:7273: found /usr/bin/ranlib
configure:7284: result: ranlib
configure:7386: checking command to parse /usr/bin/nm -B output from gcc object
configure:7540: gcc -c -g -O2  conftest.c >&5
configure:7543: $? = 0
configure:7547: /usr/bin/nm -B conftest.o | /usr/bin/sed -n -e 's/^.*[	 ]\([ABCDGIRSTW][ABCDGIRSTW]*\)[	 ][	 ]*\([_A-Za-z][_A-Za-z0-9]*\)$/\1 \2 \2/p' | /usr/bin/sed '/ __gnu_lto/d' > conftest.nm
configure:7613: gcc -o conftest -g -O2   conftest.c conftstm.o >&5
configure:7616: $? = 0
configure:7654: result: ok
configure:7701: checking for sysroot
configure:7732: result: no
configure:7739: checking for a working dd
configure:7783: result: /usr/bin/dd
configure:7787: checking how to truncate binary pipes
configure:7803: result: /usr/bin/dd bs=4096 count=1
configure:7940: gcc -c -g -O2  conftest.c >&5
configure:7943: $? = 0
configure:8140: checking for mt
configure:8161: found /usr/bin/mt
configure:8172: result: mt
configure:8195: checking if mt is a manifest tool
configure:8202: mt '-?'
configure:8210: result: no
configure:8935: checking for stdio.h
configure:8935: gcc -c -g -O2  conftest.c >&5
configure:8935: $? = 0
configure:8935: result: yes
configure:8935: checking for stdlib.h
configure:8935: gcc -c -g -O2  conftest.c >&5
configure:8935: $? = 0
configure:8935: result: yes
configure:8935: checking for string.h
configure:8935: gcc -c -g -O2  conftest.c >&5
configure:8935: $? = 0
configure:8935: result: yes
configure:8935: checking for inttypes.h
configure:8935: gcc -c -g -O2  conftest.c >&5
configure:8935: $? = 0
configure:8935: result: yes
configure:8935: checking for stdint.h
configure:8935: gcc -c -g -O2  conftest.c >&5
configure:8935: $? = 0
configure:8935: result: yes
configure:8935: checking for strings.h
configure:8935: gcc -c -g -O2  conftest.c >&5
configure:8935: $? = 0
configure:8935: result: yes
configure:8935: checking for sys/stat.h
configure:8935: gcc -c -g -O2  conftest.c >&5
configure:8935: $? = 0
configure:8935: result: yes
configure:8935: checking for sys/types.h
configure:8935: gcc -c -g -O2  conftest.c >&5
configure:8935: $? = 0
configure:8935: result: yes
configure:8935: checking for unistd.h
configure:8935: gcc -c -g -O2  conftest.c >&5
configure:8935: $? = 0
configure:8935: result: yes
configure:8960: checking for dlfcn.h
configure:8960: gcc -c -g -O2  conftest.c >&5
configure:8960: $? = 0
configure:8960: result: yes
configure:9218: checking for objdir
configure:9234: result: .libs
configure:9498: checking if gcc supports -fno-rtti -fno-exceptions
configure:9517: gcc -c -g -O2  -fno-rtti -fno-exceptions conftest.c >&5
cc1: warning: command-line option '-fno-rtti' is valid for C++/D/ObjC++ but not for C
configure:9521: $? = 0
configure:9534: result: no
configure:9898: checking for gcc option to produce PIC
configure:9906: result: -fPIC -DPIC
configure:9914: checking if gcc PIC flag -fPIC -DPIC works
configure:9933: gcc -c -g -O2  -fPIC -DPIC -DPIC conftest.c >&5
configure:9937: $? = 0
configure:9950: result: yes
configure:9979: checking if gcc static flag -static works
configure:10008: result: yes
configure:10023: checking if gcc supports -c -o file.o
configure:10045: gcc -c -g -O2  -o out/conftest2.o conftest.c >&5
configure:10049: $? = 0
configure:10071: result: yes
configure:10079: checking if gcc supports -c -o file.o
configure:10127: result: yes
configure:10160: checking whether the gcc linker (/usr/bin/ld -m elf_x86_64) supports shared libraries
configure:11434: result: yes
configure:11675: checking dynamic linker characteristics
configure:12257: gcc -o conftest -g -O2   -Wl,-rpath -Wl,/foo conftest.c  >&5
configure:12257: $? = 0
configure:12508: result: GNU/Linux ld.so
configure:12630: checking how to hardcode library paths into programs
configure:12655: result: immediate
configure:13207: checking whether stripping libraries is possible
configure:13216: result: yes
configure:13258: checking if libtool supports shared libraries
configure:13260: result: yes
configure:13263: checking whether to build shared libraries
configure:13288: result: no
configure:13291: checking whether to build static libraries
configure:13295: result: yes
configure:13401: checking for g++
configure:13422: found /usr/bin/g++
configure:13433: result: g++
configure:13460: checking for C++ compiler version
configure:13469: g++ --version >&5
g++ (Ubuntu 13.3.0-6ubuntu2~24.04.1) 13.3.0
Copyright (C) 2023 Free Software Foundation, Inc.
This is free software; see the source for copying conditions.  There is NO
warranty; not even for MERCHANTABILITY or FITNESS FOR A PARTICULAR PURPOSE.

configure:13480: $? = 0
configure:13469: g++ -v >&5
Using built-in specs.
COLLECT_GCC=g++
COLLECT_LTO_WRAPPER=/usr/libexec/gcc/x86_64-linux-gnu/13/lto-wrapper
OFFLOAD_TARGET_NAMES=nvptx-none:amdgcn-amdhsa
OFFLOAD_TARGET_DEFAULT=1
Target: x86_64-linux-gnu
Configured with: ../src/configure -v --with-pkgversion='Ubuntu 13.3.0-6ubuntu2~24.04.1' --with-bugurl=file:///usr/share/doc/gcc-13/README.Bugs --enable-languages=c,ada,c++,go,d,fortran,objc,obj-c++,m2 --prefix=/usr --with-gcc-major-version-only --program-suffix=-13 --program-prefix=x86_64-linux-gnu- --enable-shared --enable-linker-build-id --libexecdir=/usr/libexec --without-included-gettext --enable-threads=posix --libdir=/usr/lib --enable-nls --enable-bootstrap --enable-clocale=gnu --enable-libstdcxx-debug --enable-libstdcxx-time=yes --with-default-libstdcxx-abi=new --enable-libstdcxx-backtrace --enable-gnu-unique-object --disable-vtable-verify --enable-plugin --enable-default-pie --with-system-zlib --enable-libphobos-checking=release --with-target-system-zlib=auto --enable-objc-gc=auto --enable-multiarch --disable-werror --enable-cet --with-arch-32=i686 --with-abi=m64 --with-multilib-list=m32,m64,mx32 --enable-multilib --with-tune=generic --enable-offload-targets=nvptx-none=/build/gcc-13-EldibY/gcc-13-13.3.0/debian/tmp-nvptx/usr,amdgcn-amdhsa=/build/gcc-13-EldibY/gcc-13-13.3.0/debian/tmp-gcn/usr --enable-offload-defaulted --without-cuda-driver --enable-checking=release --build=x86_64-linux-gnu --host=x86_64-linux-gnu --target=x86_64-linux-gnu --with-build-config=bootstrap-lto-lean --enable-link-serialization=2
Thread model: posix
Supported LTO compression algorithms: zlib zstd
gcc version 13.3.0 (Ubuntu 13.3.0-6ubuntu2~24.04.1) 
... rest of stderr output deleted ...
configure:13480: $? = 0
configure:13469: g++ -V >&5
g++: error: unrecognized command-line option '-V'
g++: fatal error: no input files
compilation terminated.
configure:13480: $? = 1
configure:13469: g++ -qversion >&5
g++: error: unrecognized command-line option '-qversion'; did you mean '--version'?
g++: fatal error: no input files
compilation terminated.
configure:13480: $? = 1
configure:13484: checking whether the compiler supports GNU C++
configure:13504: g++ -c   conftest.cpp >&5
configure:13504: $? = 0
configure:13514: result: yes
configure:13525: checking whether g++ accepts -g
configure:13546: g++ -c -g  conftest.cpp >&5
configure:13546: $? = 0
configure:13590: result: yes
configure:13610: checking for g++ option to enable C++11 features
configure:13625: g++  -c -g -O2  conftest.cpp >&5
conftest.cpp: In function 'int main(int, char**)':
conftest.cpp:189:25: warning: empty parentheses were disambiguated as a function declaration [-Wvexing-parse]
  189 |   cxx11test::delegate d2();
      |                         ^~
conftest.cpp:189:25: note: remove parentheses to default-initialize a variable
  189 |   cxx11test::delegate d2();
      |                         ^~
      |                         --
conftest.cpp:189:25: note: or replace parentheses with braces to value-initialize a variable
configure:13625: $? = 0
configure:13643: result: none needed
configure:13709: checking dependency style of g++
configure:13821: result: gcc3
configure:13855: checking how to run the C++ preprocessor
configure:13877: g++ -E  conftest.cpp
configure:13877: $? = 0
configure:13892: g++ -E  conftest.cpp
conftest.cpp:23:10: fatal error: ac_nonexistent.h: No such file or directory
   23 | #include <ac_nonexistent.h>
      |          ^~~~~~~~~~~~~~~~~~
compilation terminated.
configure:13892: $? = 1
configure: failed program was:
| /* confdefs.h */
| #define PACKAGE_NAME "TempestRemap"
| #define PACKAGE_TARNAME "tempestremap"
| #define PACKAGE_VERSION "2.2.0"
| #define PACKAGE_STRING "TempestRemap 2.2.0"
| #define PACKAGE_BUGREPORT "paullrich@ucdavis.edu"
| #define PACKAGE_URL ""
| #define PACKAGE "tempestremap"
| #define VERSION "2.2.0"
| #define HAVE_STDIO_H 1
| #define HAVE_STDLIB_H 1
| #define HAVE_STRING_H 1
| #define HAVE_INTTYPES_H 1
| #define HAVE_STDINT_H 1
| #define HAVE_STRINGS_H 1
| #define HAVE_SYS_STAT_H 1
| #define HAVE_SYS_TYPES_H 1
| #define HAVE_UNISTD_H 1
| #define STDC_HEADERS 1
| #define HAVE_DLFCN_H 1
| #define LT_OBJDIR ".libs/"
| /* end confdefs.h.  */
| #include <ac_nonexistent.h>
configure:13919: result: g++ -E
configure:13933: g++ -E  conftest.cpp
configure:13933: $? = 0
configure:13948: g++ -E  conftest.cpp
conftest.cpp:23:10: fatal error: ac_nonexistent.h: No such file or directory
   23 | #include <ac_nonexistent.h>
      |          ^~~~~~~~~~~~~~~~~~
compilation terminated.
configure:13948: $? = 1
configure: failed program was:
| /* confdefs.h */
| #define PACKAGE_NAME "TempestRemap"
| #define PACKAGE_TARNAME "tempestremap"
| #define PACKAGE_VERSION "2.2.0"
| #define PACKAGE_STRING "TempestRemap 2.2.0"
| #define PACKAGE_BUGREPORT "paullrich@ucdavis.edu"
| #define PACKAGE_URL ""
| #define PACKAGE "tempestremap"
| #define VERSION "2.2.0"
| #define HAVE_STDIO_H 1
| #define HAVE_STDLIB_H 1
| #define HAVE_STRING_H 1
| #define HAVE_INTTYPES_H 1
| #define HAVE_STDINT_H 1
| #define HAVE_STRINGS_H 1
| #define HAVE_SYS_STAT_H 1
| #define HAVE_SYS_TYPES_H 1
| #define HAVE_UNISTD_H 1
| #define STDC_HEADERS 1
| #define HAVE_DLFCN_H 1
| #define LT_OBJDIR ".libs/"
| /* end confdefs.h.  */
| #include <ac_nonexistent.h>
configure:14113: checking for ld used by g++
configure:14181: result: /usr/bin/ld -m elf_x86_64
configure:14188: checking if the linker (/usr/bin/ld -m elf_x86_64) is GNU ld
configure:14204: result: yes
configure:14259: checking whether the g++ linker (/usr/bin/ld -m elf_x86_64) supports shared libraries
configure:15337: result: yes
configure:15373: g++ -c -g -O2  conftest.cpp >&5
configure:15376: $? = 0
configure:15857: checking for g++ option to produce PIC
configure:15865: result: -fPIC -DPIC
configure:15873: checking if g++ PIC flag -fPIC -DPIC works
configure:15892: g++ -c -g -O2  -fPIC -DPIC -DPIC conftest.cpp >&5
configure:15896: $? = 0
configure:15909: result: yes
configure:15932: checking if g++ static flag -static works
configure:15961: result: yes
configure:15973: checking if g++ supports -c -o file.o
configure:15995: g++ -c -g -O2  -o out/conftest2.o conftest.cpp >&5
configure:15999: $? = 0
configure:16021: result: yes
configure:16026: checking if g++ supports -c -o file.o
configure:16074: result: yes
configure:16104: checking whether the g++ linker (/usr/bin/ld -m elf_x86_64) supports shared libraries
configure:16147: result: yes
configure:16289: checking dynamic linker characteristics
configure:17049: result: GNU/Linux ld.so
configure:17114: checking how to hardcode library paths into programs
configure:17139: result: immediate
configure:17303: checking for C++ compiler version
configure:17312: g++ --version >&5
g++ (Ubuntu 13.3.0-6ubuntu2~24.04.1) 13.3.0
Copyright (C) 2023 Free Software Foundation, Inc.
This is free software; see the source for copying conditions.  There is NO
warranty; not even for MERCHANTABILITY or FITNESS FOR A PARTICULAR PURPOSE.

configure:17323: $? = 0
configure:17312: g++ -v >&5
Using built-in specs.
COLLECT_GCC=g++
COLLECT_LTO_WRAPPER=/usr/libexec/gcc/x86_64-linux-gnu/13/lto-wrapper
OFFLOAD_TARGET_NAMES=nvptx-none:amdgcn-amdhsa
OFFLOAD_TARGET_DEFAULT=1
Target: x86_64-linux-gnu
Configured with: ../src/configure -v --with-pkgversion='Ubuntu 13.3.0-6ubuntu2~24.04.1' --with-bugurl=file:///usr/share/doc/gcc-13/README.Bugs --enable-languages=c,ada,c++,go,d,fortran,objc,obj-c++,m2 --prefix=/usr --with-gcc-major-version-only --program-suffix=-13 --program-prefix=x86_64-linux-gnu- --enable-shared --enable-linker-build-id --libexecdir=/usr/libexec --without-included-gettext --enable-threads=posix --libdir=/usr/lib --enable-nls --enable-bootstrap --enable-clocale=gnu --enable-libstdcxx-debug --enable-libstdcxx-time=yes --with-default-libstdcxx-abi=new --enable-libstdcxx-backtrace --enable-gnu-unique-object --disable-vtable-verify --enable-plugin --enable-default-pie --with-system-zlib --enable-libphobos-checking=release --with-target-system-zlib=auto --enable-objc-gc=auto --enable-multiarch --disable-werror --enable-cet --with-arch-32=i686 --with-abi=m64 --with-multilib-list=m32,m64,mx32 --enable-multilib --with-tune=generic --enable-offload-targets=nvptx-none=/build/gcc-13-EldibY/gcc-13-13.3.0/debian/tmp-nvptx/usr,amdgcn-amdhsa=/build/gcc-13-EldibY/gcc-13-13.3.0/debian/tmp-gcn/usr --enable-offload-defaulted --without-cuda-driver --enable-checking=release --build=x86_64-linux-gnu --host=x86_64-linux-gnu --target=x86_64-linux-gnu --with-build-config=bootstrap-lto-lean --enable-link-serialization=2
Thread model: posix
Supported LTO compression algorithms: zlib zstd
gcc version 13.3.0 (Ubuntu 13.3.0-6ubuntu2~24.04.1) 
... rest of stderr output deleted ...
configure:17323: $? = 0
configure:17312: g++ -V >&5
g++: error: unrecognized command-line option '-V'
g++: fatal error: no input files
compilation terminated.
configure:17323: $? = 1
configure:17312: g++ -qversion >&5
g++: error: unrecognized command-line option '-qversion'; did you mean '--version'?
g++: fatal error: no input files
compilation terminated.
configure:17323: $? = 1
configure:17327: checking whether the compiler supports GNU C++
configure:17357: result: yes
configure:17368: checking whether g++ accepts -g
configure:17433: result: yes
configure:17453: checking for g++ option to enable C++11 features
configure:17486: result: none needed
configure:17552: checking dependency style of g++
configure:17664: result: gcc3
configure:17679: checking whether make sets $(MAKE)
configure:17702: result: yes
configure:17723: checking whether g++ supports C++11 features by default
configure:18020: g++ -c -g -O2  conftest.cpp >&5
configure:18020: $? = 0
configure:18028: result: yes
configure:18714: checking for dlopen in -ldl
configure:18737: gcc -o conftest -g -O2   conftest.c -ldl   >&5
configure:18737: $? = 0
configure:18747: result: yes
configure:18755: checking for pow in -lm
configure:18778: gcc -o conftest -g -O2   conftest.c -lm   -ldl >&5
conftest.c:28:6: warning: conflicting types for built-in function 'pow'; expected 'double(double,  double)' [-Wbuiltin-declaration-mismatch]
   28 | char pow ();
      |      ^~~
conftest.c:1:1: note: 'pow' is declared in header '<math.h>'
    1 | /* confdefs.h */
configure:18778: $? = 0
configure:18788: result: yes
configure:18908: checking if daxpy_ is being linked in already
configure:18925: gcc -o conftest -g -O2   conftest.c  -ldl -lm  >&5
/usr/bin/ld: /tmp/cc85b9we.o: in function `main':
/home/runner/work/tempestremap/tempestremap/conftest.c:32:(.text.startup+0xb): undefined reference to `daxpy_'
collect2: error: ld returned 1 exit status
configure:18925: $? = 1
configure: failed program was:
| /* confdefs.h */
| #define PACKAGE_NAME "TempestRemap"
| #define PACKAGE_TARNAME "tempestremap"
| #define PACKAGE_VERSION "2.2.0"
| #define PACKAGE_STRING "TempestRemap 2.2.0"
| #define PACKAGE_BUGREPORT "paullrich@ucdavis.edu"
| #define PACKAGE_URL ""
| #define PACKAGE "tempestremap"
| #define VERSION "2.2.0"
| #define HAVE_STDIO_H 1
| #define HAVE_STDLIB_H 1
| #define HAVE_STRING_H 1
| #define HAVE_INTTYPES_H 1
| #define HAVE_STDINT_H 1
| #define HAVE_STRINGS_H 1
| #define HAVE_SYS_STAT_H 1
| #define HAVE_SYS_TYPES_H 1
| #define HAVE_UNISTD_H 1
| #define STDC_HEADERS 1
| #define HAVE_DLFCN_H 1
| #define LT_OBJDIR ".libs/"
| #define HAVE_CXX11 1
| /* end confdefs.h.  */
| 
| /* Override any GCC internal prototype to avoid an error.
|    Use char because int might match the return type of a GCC
|    builtin and then its argument prototype would still apply.  */
| char daxpy_ ();
| int
| main (void)
| {
| return daxpy_ ();
|   ;
|   return 0;
| }
configure:18931: result: no
configure:18940: checking for daxpy_ in -lflexiblas
configure:18963: gcc -o conftest -g -O2   conftest.c -lflexiblas   -ldl -lm  >&5
/usr/bin/ld: cannot find -lflexiblas: No such file or directory
collect2: error: ld returned 1 exit status
configure:18963: $? = 1
configure: failed program was:
| /* confdefs.h */
| #define PACKAGE_NAME "TempestRemap"
| #define PACKAGE_TARNAME "tempestremap"
| #define PACKAGE_VERSION "2.2.0"
| #define PACKAGE_STRING "TempestRemap 2.2.0"
| #define PACKAGE_BUGREPORT "paullrich@ucdavis.edu"
| #define PACKAGE_URL ""
| #define PACKAGE "tempestremap"
| #define VERSION "2.2.0"
| #define HAVE_STDIO_H 1
| #define HAVE_STDLIB_H 1
| #define HAVE_STRING_H 1
| #define HAVE_INTTYPES_H 1
| #define HAVE_STDINT_H 1
| #define HAVE_STRINGS_H 1
| #define HAVE_SYS_STAT_H 1
| #define HAVE_SYS_TYPES_H 1
| #define HAVE_UNISTD_H 1
| #define STDC_HEADERS 1
| #define HAVE_DLFCN_H 1
| #define LT_OBJDIR ".libs/"
| #define HAVE_CXX11 1
| /* end confdefs.h.  */
| 
| /* Override any GCC internal prototype to avoid an error.
|    Use char because int might match the return type of a GCC
|    builtin and then its argument prototype would still apply.  */
| char daxpy_ ();
| int
| main (void)
| {
| return daxpy_ ();
|   ;
|   return 0;
| }
configure:18974: result: no
configure:18987: checking for daxpy_ in -lopenblas
configure:19010: gcc -o conftest -g -O2   conftest.c -lopenblas   -ldl -lm  >&5
/usr/bin/ld: cannot find -lopenblas: No such file or directory
collect2: error: ld returned 1 exit status
configure:19010: $? = 1
configure: failed program was:
| /* confdefs.h */
| #define PACKAGE_NAME "TempestRemap"
| #define PACKAGE_TARNAME "tempestremap"
| #define PACKAGE_VERSION "2.2.0"
| #define PACKAGE_STRING "TempestRemap 2.2.0"
| #define PACKAGE_BUGREPORT "paullrich@ucdavis.edu"
| #define PACKAGE_URL ""
| #define PACKAGE "tempestremap"
| #define VERSION "2.2.0"
| #define HAVE_STDIO_H 1
| #define HAVE_STDLIB_H 1
| #define HAVE_STRING_H 1
| #define HAVE_INTTYPES_H 1
| #define HAVE_STDINT_H 1
| #define HAVE_STRINGS_H 1
| #define HAVE_SYS_STAT_H 1
| #define HAVE_SYS_TYPES_H 1
| #define HAVE_UNISTD_H 1
| #define STDC_HEADERS 1
| #define HAVE_DLFCN_H 1
| #define LT_OBJDIR ".libs/"
| #define HAVE_CXX11 1
| /* end confdefs.h.  */
| 
| /* Override any GCC internal prototype to avoid an error.
|    Use char because int might match the return type of a GCC
|    builtin and then its argument prototype would still apply.  */
| char daxpy_ ();
| int
| main (void)
| {
| return daxpy_ ();
|   ;
|   return 0;
| }
configure:19021: result: no
configure:19033: checking for ATL_xerbla in -latlas
configure:19056: gcc -o conftest -g -O2   conftest.c -latlas   -ldl -lm  >&5
/usr/bin/ld: cannot find -latlas: No such file or directory
collect2: error: ld returned 1 exit status
configure:19056: $? = 1
configure: failed program was:
| /* confdefs.h */
| #define PACKAGE_NAME "TempestRemap"
| #define PACKAGE_TARNAME "tempestremap"
| #define PACKAGE_VERSION "2.2.0"
| #define PACKAGE_STRING "TempestRemap 2.2.0"
| #define PACKAGE_BUGREPORT "paullrich@ucdavis.edu"
| #define PACKAGE_URL ""
| #define PACKAGE "tempestremap"
| #define VERSION "2.2.0"
| #define HAVE_STDIO_H 1
| #define HAVE_STDLIB_H 1
| #define HAVE_STRING_H 1
| #define HAVE_INTTYPES_H 1
| #define HAVE_STDINT_H 1
| #define HAVE_STRINGS_H 1
| #define HAVE_SYS_STAT_H 1
| #define HAVE_SYS_TYPES_H 1
| #define HAVE_UNISTD_H 1
| #define STDC_HEADERS 1
| #define HAVE_DLFCN_H 1
| #define LT_OBJDIR ".libs/"
| #define HAVE_CXX11 1
| /* end confdefs.h.  */
| 
| /* Override any GCC internal prototype to avoid an error.
|    Use char because int might match the return type of a GCC
|    builtin and then its argument prototype would still apply.  */
| char ATL_xerbla ();
| int
| main (void)
| {
| return ATL_xerbla ();
|   ;
|   return 0;
| }
configure:19066: result: no
configure:19159: checking for daxpy_ in -lblas
configure:19182: gcc -o conftest -g -O2   conftest.c -lblas   -ldl -lm  >&5
/usr/bin/ld: cannot find -lblas: No such file or directory
collect2: error: ld returned 1 exit status
configure:19182: $? = 1
configure: failed program was:
| /* confdefs.h */
| #define PACKAGE_NAME "TempestRemap"
| #define PACKAGE_TARNAME "tempestremap"
| #define PACKAGE_VERSION "2.2.0"
| #define PACKAGE_STRING "TempestRemap 2.2.0"
| #define PACKAGE_BUGREPORT "paullrich@ucdavis.edu"
| #define PACKAGE_URL ""
| #define PACKAGE "tempestremap"
| #define VERSION "2.2.0"
| #define HAVE_STDIO_H 1
| #define HAVE_STDLIB_H 1
| #define HAVE_STRING_H 1
| #define HAVE_INTTYPES_H 1
| #define HAVE_STDINT_H 1
| #define HAVE_STRINGS_H 1
| #define HAVE_SYS_STAT_H 1
| #define HAVE_SYS_TYPES_H 1
| #define HAVE_UNISTD_H 1
| #define STDC_HEADERS 1
| #define HAVE_DLFCN_H 1
| #define LT_OBJDIR ".libs/"
| #define HAVE_CXX11 1
| /* end confdefs.h.  */
| 
| /* Override any GCC internal prototype to avoid an error.
|    Use char because int might match the return type of a GCC
|    builtin and then its argument prototype would still apply.  */
| char daxpy_ ();
| int
| main (void)
| {
| return daxpy_ ();
|   ;
|   return 0;
| }
configure:19193: result: no
configure:19291: checking for daxpy_ in -lmkl_gf_lp64
configure:19314: gcc -o conftest -g -O2   conftest.c -lmkl_gf_lp64 -lmkl_gf_lp64 -lmkl_sequential -lmkl_core -lpthread  -ldl -lm  >&5
/usr/bin/ld: cannot find -lmkl_gf_lp64: No such file or directory
/usr/bin/ld: cannot find -lmkl_gf_lp64: No such file or directory
/usr/bin/ld: cannot find -lmkl_sequential: No such file or directory
/usr/bin/ld: cannot find -lmkl_core: No such file or directory
collect2: error: ld returned 1 exit status
configure:19314: $? = 1
configure: failed program was:
| /* confdefs.h */
| #define PACKAGE_NAME "TempestRemap"
| #define PACKAGE_TARNAME "tempestremap"
| #define PACKAGE_VERSION "2.2.0"
| #define PACKAGE_STRING "TempestRemap 2.2.0"
| #define PACKAGE_BUGREPORT "paullrich@ucdavis.edu"
| #define PACKAGE_URL ""
| #define PACKAGE "tempestremap"
| #define VERSION "2.2.0"
| #define HAVE_STDIO_H 1
| #define HAVE_STDLIB_H 1
| #define HAVE_STRING_H 1
| #define HAVE_INTTYPES_H 1
| #define HAVE_STDINT_H 1
| #define HAVE_STRINGS_H 1
| #define HAVE_SYS_STAT_H 1
| #define HAVE_SYS_TYPES_H 1
| #define HAVE_UNISTD_H 1
| #define STDC_HEADERS 1
| #define HAVE_DLFCN_H 1
| #define LT_OBJDIR ".libs/"
| #define HAVE_CXX11 1
| /* end confdefs.h.  */
| 
| /* Override any GCC internal prototype to avoid an error.
|    Use char because int might match the return type of a GCC
|    builtin and then its argument prototype would still apply.  */
| char daxpy_ ();
| int
| main (void)
| {
| return daxpy_ ();
|   ;
|   return 0;
| }
configure:19325: result: no
configure:19473: checking for daxpy_ in -lmkl
configure:19496: gcc -o conftest -g -O2   conftest.c -lmkl -lguide -lpthread  -ldl -lm  >&5
/usr/bin/ld: cannot find -lmkl: No such file or directory
/usr/bin/ld: cannot find -lguide: No such file or directory
collect2: error: ld returned 1 exit status
configure:19496: $? = 1
configure: failed program was:
| /* confdefs.h */
| #define PACKAGE_NAME "TempestRemap"
| #define PACKAGE_TARNAME "tempestremap"
| #define PACKAGE_VERSION "2.2.0"
| #define PACKAGE_STRING "TempestRemap 2.2.0"
| #define PACKAGE_BUGREPORT "paullrich@ucdavis.edu"
| #define PACKAGE_URL ""
| #define PACKAGE "tempestremap"
| #define VERSION "2.2.0"
| #define HAVE_STDIO_H 1
| #define HAVE_STDLIB_H 1
| #define HAVE_STRING_H 1
| #define HAVE_INTTYPES_H 1
| #define HAVE_STDINT_H 1
| #define HAVE_STRINGS_H 1
| #define HAVE_SYS_STAT_H 1
| #define HAVE_SYS_TYPES_H 1
| #define HAVE_UNISTD_H 1
| #define STDC_HEADERS 1
| #define HAVE_DLFCN_H 1
| #define LT_OBJDIR ".libs/"
| #define HAVE_CXX11 1
| /* end confdefs.h.  */
| 
| /* Override any GCC internal prototype to avoid an error.
|    Use char because int might match the return type of a GCC
|    builtin and then its argument prototype would still apply.  */
| char daxpy_ ();
| int
| main (void)
| {
| return daxpy_ ();
|   ;
|   return 0;
| }
configure:19507: result: no
configure:19519: checking for daxpy_ in -framework Accelerate
configure:19536: gcc -o conftest -g -O2   conftest.c -framework Accelerate  -ldl -lm  >&5
gcc: error: unrecognized command-line option '-framework'
configure:19536: $? = 1
configure: failed program was:
| /* confdefs.h */
| #define PACKAGE_NAME "TempestRemap"
| #define PACKAGE_TARNAME "tempestremap"
| #define PACKAGE_VERSION "2.2.0"
| #define PACKAGE_STRING "TempestRemap 2.2.0"
| #define PACKAGE_BUGREPORT "paullrich@ucdavis.edu"
| #define PACKAGE_URL ""
| #define PACKAGE "tempestremap"
| #define VERSION "2.2.0"
| #define HAVE_STDIO_H 1
| #define HAVE_STDLIB_H 1
| #define HAVE_STRING_H 1
| #define HAVE_INTTYPES_H 1
| #define HAVE_STDINT_H 1
| #define HAVE_STRINGS_H 1
| #define HAVE_SYS_STAT_H 1
| #define HAVE_SYS_TYPES_H 1
| #define HAVE_UNISTD_H 1
| #define STDC_HEADERS 1
| #define HAVE_DLFCN_H 1
| #define LT_OBJDIR ".libs/"
| #define HAVE_CXX11 1
| /* end confdefs.h.  */
| 
| /* Override any GCC internal prototype to avoid an error.
|    Use char because int might match the return type of a GCC
|    builtin and then its argument prototype would still apply.  */
| char daxpy_ ();
| int
| main (void)
| {
| return daxpy_ ();
|   ;
|   return 0;
| }
configure:19542: result: no
configure:19550: checking for daxpy_ in -lcxml
configure:19573: gcc -o conftest -g -O2   conftest.c -lcxml   -ldl -lm  >&5
/usr/bin/ld: cannot find -lcxml: No such file or directory
collect2: error: ld returned 1 exit status
configure:19573: $? = 1
configure: failed program was:
| /* confdefs.h */
| #define PACKAGE_NAME "TempestRemap"
| #define PACKAGE_TARNAME "tempestremap"
| #define PACKAGE_VERSION "2.2.0"
| #define PACKAGE_STRING "TempestRemap 2.2.0"
| #define PACKAGE_BUGREPORT "paullrich@ucdavis.edu"
| #define PACKAGE_URL ""
| #define PACKAGE "tempestremap"
| #define VERSION "2.2.0"
| #define HAVE_STDIO_H 1
| #define HAVE_STDLIB_H 1
| #define HAVE_STRING_H 1
| #define HAVE_INTTYPES_H 1
| #define HAVE_STDINT_H 1
| #define HAVE_STRINGS_H 1
| #define HAVE_SYS_STAT_H 1
| #define HAVE_SYS_TYPES_H 1
| #define HAVE_UNISTD_H 1
| #define STDC_HEADERS 1
| #define HAVE_DLFCN_H 1
| #define LT_OBJDIR ".libs/"
| #define HAVE_CXX11 1
| /* end confdefs.h.  */
| 
| /* Override any GCC internal prototype to avoid an error.
|    Use char because int might match the return type of a GCC
|    builtin and then its argument prototype would still apply.  */
| char daxpy_ ();
| int
| main (void)
| {
| return daxpy_ ();
|   ;
|   return 0;
| }
configure:19584: result: no
configure:19596: checking for daxpy_ in -ldxml
configure:19619: gcc -o conftest -g -O2   conftest.c -ldxml   -ldl -lm  >&5
/usr/bin/ld: cannot find -ldxml: No such file or directory
collect2: error: ld returned 1 exit status
configure:19619: $? = 1
configure: failed program was:
| /* confdefs.h */
| #define PACKAGE_NAME "TempestRemap"
| #define PACKAGE_TARNAME "tempestremap"
| #define PACKAGE_VERSION "2.2.0"
| #define PACKAGE_STRING "TempestRemap 2.2.0"
| #define PACKAGE_BUGREPORT "paullrich@ucdavis.edu"
| #define PACKAGE_URL ""
| #define PACKAGE "tempestremap"
| #define VERSION "2.2.0"
| #define HAVE_STDIO_H 1
| #define HAVE_STDLIB_H 1
| #define HAVE_STRING_H 1
| #define HAVE_INTTYPES_H 1
| #define HAVE_STDINT_H 1
| #define HAVE_STRINGS_H 1
| #define HAVE_SYS_STAT_H 1
| #define HAVE_SYS_TYPES_H 1
| #define HAVE_UNISTD_H 1
| #define STDC_HEADERS 1
| #define HAVE_DLFCN_H 1
| #define LT_OBJDIR ".libs/"
| #define HAVE_CXX11 1
| /* end confdefs.h.  */
| 
| /* Override any GCC internal prototype to avoid an error.
|    Use char because int might match the return type of a GCC
|    builtin and then its argument prototype would still apply.  */
| char daxpy_ ();
| int
| main (void)
| {
| return daxpy_ ();
|   ;
|   return 0;
| }
configure:19630: result: no
configure:19730: checking for daxpy_ in -lscs
configure:19753: gcc -o conftest -g -O2   conftest.c -lscs   -ldl -lm  >&5
/usr/bin/ld: cannot find -lscs: No such file or directory
collect2: error: ld returned 1 exit status
configure:19753: $? = 1
configure: failed program was:
| /* confdefs.h */
| #define PACKAGE_NAME "TempestRemap"
| #define PACKAGE_TARNAME "tempestremap"
| #define PACKAGE_VERSION "2.2.0"
| #define PACKAGE_STRING "TempestRemap 2.2.0"
| #define PACKAGE_BUGREPORT "paullrich@ucdavis.edu"
| #define PACKAGE_URL ""
| #define PACKAGE "tempestremap"
| #define VERSION "2.2.0"
| #define HAVE_STDIO_H 1
| #define HAVE_STDLIB_H 1
| #define HAVE_STRING_H 1
| #define HAVE_INTTYPES_H 1
| #define HAVE_STDINT_H 1
| #define HAVE_STRINGS_H 1
| #define HAVE_SYS_STAT_H 1
| #define HAVE_SYS_TYPES_H 1
| #define HAVE_UNISTD_H 1
| #define STDC_HEADERS 1
| #define HAVE_DLFCN_H 1
| #define LT_OBJDIR ".libs/"
| #define HAVE_CXX11 1
| /* end confdefs.h.  */
| 
| /* Override any GCC internal prototype to avoid an error.
|    Use char because int might match the return type of a GCC
|    builtin and then its argument prototype would still apply.  */
| char daxpy_ ();
| int
| main (void)
| {
| return daxpy_ ();
|   ;
|   return 0;
| }
configure:19764: result: no
configure:19776: checking for daxpy_ in -lcomplib.sgimath
configure:19799: gcc -o conftest -g -O2   conftest.c -lcomplib.sgimath   -ldl -lm  >&5
/usr/bin/ld: cannot find -lcomplib.sgimath: No such file or directory
collect2: error: ld returned 1 exit status
configure:19799: $? = 1
configure: failed program was:
| /* confdefs.h */
| #define PACKAGE_NAME "TempestRemap"
| #define PACKAGE_TARNAME "tempestremap"
| #define PACKAGE_VERSION "2.2.0"
| #define PACKAGE_STRING "TempestRemap 2.2.0"
| #define PACKAGE_BUGREPORT "paullrich@ucdavis.edu"
| #define PACKAGE_URL ""
| #define PACKAGE "tempestremap"
| #define VERSION "2.2.0"
| #define HAVE_STDIO_H 1
| #define HAVE_STDLIB_H 1
| #define HAVE_STRING_H 1
| #define HAVE_INTTYPES_H 1
| #define HAVE_STDINT_H 1
| #define HAVE_STRINGS_H 1
| #define HAVE_SYS_STAT_H 1
| #define HAVE_SYS_TYPES_H 1
| #define HAVE_UNISTD_H 1
| #define STDC_HEADERS 1
| #define HAVE_DLFCN_H 1
| #define LT_OBJDIR ".libs/"
| #define HAVE_CXX11 1
| /* end confdefs.h.  */
| 
| /* Override any GCC internal prototype to avoid an error.
|    Use char because int might match the return type of a GCC
|    builtin and then its argument prototype would still apply.  */
| char daxpy_ ();
| int
| main (void)
| {
| return daxpy_ ();
|   ;
|   return 0;
| }
configure:19810: result: no
configure:19822: checking for daxpy_ in -lblas
configure:19856: result: no
configure:19909: checking for daxpy_ in -lblas
configure:19943: result: no
configure:19964: error: BLAS library not found

## ---------------- ##
## Cache variables. ##
## ---------------- ##

ac_cv_build=x86_64-pc-linux-gnu
ac_cv_c_compiler_gnu=yes
ac_cv_cxx_compiler_gnu=yes
ac_cv_env_CCC_set=
ac_cv_env_CCC_value=
ac_cv_env_CC_set=
ac_cv_env_CC_value=
ac_cv_env_CFLAGS_set=
ac_cv_env_CFLAGS_value=
ac_cv_env_CPPFLAGS_set=
ac_cv_env_CPPFLAGS_value=
ac_cv_env_CXXCPP_set=
ac_cv_env_CXXCPP_value=
ac_cv_env_CXXFLAGS_set=
ac_cv_env_CXXFLAGS_value=
ac_cv_env_CXX_set=
ac_cv_env_CXX_value=
ac_cv_env_LDFLAGS_set=
ac_cv_env_LDFLAGS_value=
ac_cv_env_LIBS_set=
ac_cv_env_LIBS_value=
ac_cv_env_LT_SYS_LIBRARY_PATH_set=
ac_cv_env_LT_SYS_LIBRARY_PATH_value=
ac_cv_env_build_alias_set=
ac_cv_env_build_alias_value=
ac_cv_env_host_alias_set=
ac_cv_env_host_alias_value=
ac_cv_env_target_alias_set=
ac_cv_env_target_alias_value=
ac_cv_header_dlfcn_h=yes
ac_cv_header_inttypes_h=yes
ac_cv_header_stdint_h=yes
ac_cv_header_stdio_h=yes
ac_cv_header_stdlib_h=yes
ac_cv_header_string_h=yes
ac_cv_header_strings_h=yes
ac_cv_header_sys_stat_h=yes
ac_cv_header_sys_types_h=yes
ac_cv_header_unistd_h=yes
ac_cv_host=x86_64-pc-linux-gnu
ac_cv_lib_atlas_ATL_xerbla=no
ac_cv_lib_blas_daxpy_=no
ac_cv_lib_complib_sgimath_daxpy_=no
ac_cv_lib_cxml_daxpy_=no
ac_cv_lib_dl_dlopen=yes
ac_cv_lib_dxml_daxpy_=no
ac_cv_lib_flexiblas_daxpy_=no
ac_cv_lib_m_pow=yes
ac_cv_lib_mkl_daxpy_=no
ac_cv_lib_mkl_gf_lp64_daxpy_=no
ac_cv_lib_openblas_daxpy_=no
ac_cv_lib_scs_daxpy_=no
ac_cv_objext=o
ac_cv_path_EGREP='/usr/bin/grep -E'
ac_cv_path_FGREP='/usr/bin/grep -F'
ac_cv_path_GREP=/usr/bin/grep
ac_cv_path_SED=/usr/bin/sed
ac_cv_path_install='/usr/bin/install -c'
ac_cv_path_lt_DD=/usr/bin/dd
ac_cv_path_mkdir=/usr/bin/mkdir
ac_cv_prog_AWK=gawk
ac_cv_prog_CXXCPP='g++ -E'
ac_cv_prog_ac_ct_AR=ar
ac_cv_prog_ac_ct_CC=gcc
ac_cv_prog_ac_ct_CXX=g++
ac_cv_prog_ac_ct_FILECMD=file
ac_cv_prog_ac_ct_MANIFEST_TOOL=mt
ac_cv_prog_ac_ct_OBJDUMP=objdump
ac_cv_prog_ac_ct_RANLIB=ranlib
ac_cv_prog_ac_ct_STRIP=strip
ac_cv_prog_cc_c11=
ac_cv_prog_cc_g=yes
ac_cv_prog_cc_stdc=
ac_cv_prog_cxx_cxx11=
ac_cv_prog_cxx_g=yes
ac_cv_prog_cxx_stdcxx=
ac_cv_prog_make_make_set=yes
am_cv_CC_dependencies_compiler_type=gcc3
am_cv_CXX_dependencies_compiler_type=gcc3
am_cv_make_support_nested_variables=yes
am_cv_prog_cc_c_o=yes
ax_cv_cxx_compile_cxx11=yes
lt_cv_ar_at_file=@
lt_cv_deplibs_check_method=pass_all
lt_cv_file_magic_cmd='$MAGIC_CMD'
lt_cv_file_magic_test_file=
lt_cv_ld_reload_flag=-r
lt_cv_nm_interface='BSD nm'
lt_cv_objdir=.libs
lt_cv_path_LD=/usr/bin/ld
lt_cv_path_LDCXX='/usr/bin/ld -m elf_x86_64'
lt_cv_path_NM='/usr/bin/nm -B'
lt_cv_path_mainfest_tool=no
lt_cv_prog_compiler_c_o=yes
lt_cv_prog_compiler_c_o_CXX=yes
lt_cv_prog_compiler_pic='-fPIC -DPIC'
lt_cv_prog_compiler_pic_CXX='-fPIC -DPIC'
lt_cv_prog_compiler_pic_works=yes
lt_cv_prog_compiler_pic_works_CXX=yes
lt_cv_prog_compiler_rtti_exceptions=no
lt_cv_prog_compiler_static_works=yes
lt_cv_prog_compiler_static_works_CXX=yes
lt_cv_prog_gnu_ld=yes
lt_cv_prog_gnu_ldcxx=yes
lt_cv_sharedlib_from_linklib_cmd='printf %s\n'
lt_cv_shlibpath_overrides_runpath=yes
lt_cv_sys_global_symbol_pipe='/usr/bin/sed -n -e '\''s/^.*[	 ]\([ABCDGIRSTW][ABCDGIRSTW]*\)[	 ][	 ]*\([_A-Za-z][_A-Za-z0-9]*\)$/\1 \2 \2/p'\'' | /usr/bin/sed '\''/ __gnu_lto/d'\'''
lt_cv_sys_global_symbol_to_c_name_address='/usr/bin/sed -n -e '\''s/^: \(.*\) .*$/  {"\1", (void *) 0},/p'\'' -e '\''s/^[ABCDGIRSTW][ABCDGIRSTW]* .* \(.*\)$/  {"\1", (void *) \&\1},/p'\'''
lt_cv_sys_global_symbol_to_c_name_address_lib_prefix='/usr/bin/sed -n -e '\''s/^: \(.*\) .*$/  {"\1", (void *) 0},/p'\'' -e '\''s/^[ABCDGIRSTW][ABCDGIRSTW]* .* \(lib.*\)$/  {"\1", (void *) \&\1},/p'\'' -e '\''s/^[ABCDGIRSTW][ABCDGIRSTW]* .* \(.*\)$/  {"lib\1", (void *) \&\1},/p'\'''
lt_cv_sys_global_symbol_to_cdecl='/usr/bin/sed -n -e '\''s/^T .* \(.*\)$/extern int \1();/p'\'' -e '\''s/^[ABCDGIRSTW][ABCDGIRSTW]* .* \(.*\)$/extern char \1;/p'\'''
lt_cv_sys_global_symbol_to_import=
lt_cv_sys_max_cmd_len=3145728
lt_cv_to_host_file_cmd=func_convert_file_noop
lt_cv_to_tool_file_cmd=func_convert_file_noop
lt_cv_truncate_bin='/usr/bin/dd bs=4096 count=1'

## ----------------- ##
## Output variables. ##
## ----------------- ##

ACLOCAL='${SHELL} '\''/home/runner/work/tempestremap/tempestremap/config/missing'\'' aclocal-1.16'
ALLOCA=''
AMDEPBACKSLASH='\'
AMDEP_FALSE='#'
AMDEP_TRUE=''
AMTAR='$${TAR-tar}'
AM_BACKSLASH='\'
AM_DEFAULT_V='$(AM_DEFAULT_VERBOSITY)'
AM_DEFAULT_VERBOSITY='0'
AM_V='$(V)'
AR='ar'
AUTOCONF='${SHELL} '\''/home/runner/work/tempestremap/tempestremap/config/missing'\'' autoconf'
AUTOHEADER='${SHELL} '\''/home/runner/work/tempestremap/tempestremap/config/missing'\'' autoheader'
AUTOMAKE='${SHELL} '\''/home/runner/work/tempestremap/tempestremap/config/missing'\'' automake-1.16'
AWK='gawk'
BLAS_LIBS=''
CC='gcc'
CCDEPMODE='depmode=gcc3'
CFLAGS='-g -O2'
CPPFLAGS=''
CSCOPE='cscope'
CTAGS='ctags'
CXX='g++'
CXXCPP='g++ -E'
CXXDEPMODE='depmode=gcc3'
CXXFLAGS='-g -O2'
CYGPATH_W='echo'
DEFS=''
DEPDIR='.deps'
DISTCHECK_CONFIGURE_FLAGS=' CC=gcc CXX=g++ FC='
DLLTOOL='false'
DSYMUTIL=''
DUMPBIN=''
ECHO_C=''
ECHO_N='-n'
ECHO_T=''
EGREP='/usr/bin/grep -E'
ENABLE_NETCDF_FALSE=''
ENABLE_NETCDF_TRUE=''
ETAGS='etags'
EXEEXT=''
FCMANGLE_FORMAT='f_'
FGREP='/usr/bin/grep -F'
FILECMD='file'
GREP='/usr/bin/grep'
HAVE_CXX11='1'
HDF5_CPPFLAGS=''
HDF5_LDFLAGS=''
HDF5_LIBS=''
INSTALL_DATA='${INSTALL} -m 644'
INSTALL_PROGRAM='${INSTALL}'
INSTALL_SCRIPT='${INSTALL}'
INSTALL_STRIP_PROGRAM='$(install_sh) -c -s'
LAPACK_LIBS=''
LD='/usr/bin/ld -m elf_x86_64'
LDFLAGS=''
LIBOBJS=''
LIBS=' -ldl -lm'
LIBTOOL='$(SHELL) $(top_builddir)/libtool'
LIPO=''
LN_S='ln -s'
LTLIBOBJS=''
LT_SYS_LIBRARY_PATH=''
MAKEINFO='${SHELL} '\''/home/runner/work/tempestremap/tempestremap/config/missing'\'' makeinfo'
MANIFEST_TOOL=':'
MKDIR_P='/usr/bin/mkdir -p'
NETCDF_CPPFLAGS=''
NETCDF_LDFLAGS=''
NETCDF_LIBS=''
NM='/usr/bin/nm -B'
NMEDIT=''
OBJDUMP='objdump'
OBJEXT='o'
OTOOL64=''
OTOOL=''
PACKAGE='tempestremap'
PACKAGE_BUGREPORT='paullrich@ucdavis.edu'
PACKAGE_NAME='TempestRemap'
PACKAGE_STRING='TempestRemap 2.2.0'
PACKAGE_TARNAME='tempestremap'
PACKAGE_URL=''
PACKAGE_VERSION='2.2.0'
PATH_SEPARATOR=':'
RANLIB='ranlib'
SED='/usr/bin/sed'
SET_MAKE=''
SHELL='/bin/bash'
STRIP='strip'
VERSION='2.2.0'
ac_ct_AR='ar'
ac_ct_CC='gcc'
ac_ct_CXX='g++'
ac_ct_DUMPBIN=''
am__EXEEXT_FALSE=''
am__EXEEXT_TRUE=''
am__fastdepCC_FALSE='#'
am__fastdepCC_TRUE=''
am__fastdepCXX_FALSE='#'
am__fastdepCXX_TRUE=''
am__include='include'
am__isrc=''
am__leading_dot='.'
am__nodep='_no'
am__quote=''
am__tar='$${TAR-tar} chof - "$$tardir"'
am__untar='$${TAR-tar} xf -'
bindir='${exec_prefix}/bin'
build='x86_64-pc-linux-gnu'
build_alias=''
build_cpu='x86_64'
build_os='linux-gnu'
build_vendor='pc'
datadir='${datarootdir}'
datarootdir='${prefix}/share'
docdir='${datarootdir}/doc/${PACKAGE_TARNAME}'
dvidir='${docdir}'
exec_prefix='NONE'
host='x86_64-pc-linux-gnu'
host_alias=''
host_cpu='x86_64'
host_os='linux-gnu'
host_vendor='pc'
htmldir='${docdir}'
includedir='${prefix}/include'
infodir='${datarootdir}/info'
install_sh='${SHELL} /home/runner/work/tempestremap/tempestremap/config/install-sh'
libdir='${exec_prefix}/lib'
libexecdir='${exec_prefix}/libexec'
localedir='${datarootdir}/locale'
localstatedir='${prefix}/var'
mandir='${datarootdir}/man'
mkdir_p='$(MKDIR_P)'
oldincludedir='/usr/include'
pdfdir='${docdir}'
prefix='NONE'
program_transform_name='s,x,x,'
psdir='${docdir}'
runstatedir='${localstatedir}/run'
sbindir='${exec_prefix}/sbin'
sharedstatedir='${prefix}/com'
sysconfdir='${prefix}/etc'
target_alias=''

## ----------- ##
## confdefs.h. ##
## ----------- ##

/* confdefs.h */
#define PACKAGE_NAME "TempestRemap"
#define PACKAGE_TARNAME "tempestremap"
#define PACKAGE_VERSION "2.2.0"
#define PACKAGE_STRING "TempestRemap 2.2.0"
#define PACKAGE_BUGREPORT "paullrich@ucdavis.edu"
#define PACKAGE_URL ""
#define PACKAGE "tempestremap"
#define VERSION "2.2.0"
#define HAVE_STDIO_H 1
#define HAVE_STDLIB_H 1
#define HAVE_STRING_H 1
#define HAVE_INTTYPES_H 1
#define HAVE_STDINT_H 1
#define HAVE_STRINGS_H 1
#define HAVE_SYS_STAT_H 1
#define HAVE_SYS_TYPES_H 1
#define HAVE_UNISTD_H 1
#define STDC_HEADERS 1
#define HAVE_DLFCN_H 1
#define LT_OBJDIR ".libs/"
#define HAVE_CXX11 1

configure: exit 1
